// Jest Snapshot v1, https://goo.gl/fbAQLP

exports[`AlertMessage component renders correctly 1`] = `
<View
  accessible={true}
  focusable={true}
  isTVSelectable={true}
  onClick={[Function]}
  onResponderGrant={[Function]}
  onResponderMove={[Function]}
  onResponderRelease={[Function]}
  onResponderTerminate={[Function]}
  onResponderTerminationRequest={[Function]}
  onStartShouldSetResponder={[Function]}
  style={
    Object {
      "backgroundColor": "#EDEDED",
      "borderColor": "#CACACA",
      "borderRadius": 2,
      "marginBottom": 5,
      "marginTop": 5,
      "opacity": 1,
    }
  }
>
  <Text
    style={
      Object {
        "color": "#CACACA",
        "fontFamily": "Avenir-Book",
        "fontSize": 20,
        "fontWeight": "bold",
        "marginLeft": 20,
        "marginVertical": 10,
      }
    }
  >
    hi
  </Text>
</View>
`;
